Component: ARM Compiler 5.06 update 2 (build 183) Tool: armlink [4d35b7]

==============================================================================

Section Cross References

    main.o(.text) refers to stm32f0xx_gpio.o(.text) for GPIO_ReadInputDataBit
    main.o(.text) refers to delay.o(.text) for delay_us2
    main.o(.text) refers to printf5.o(i.__0printf$5) for __2printf
    main.o(.text) refers to main.o(i.__ARM_common_switch8) for __ARM_common_switch8
    main.o(.text) refers to i2c1.o(.text) for I2C1_Write_Byte
    main.o(.text) refers to main.o(.data) for g_ir_key
    main.o(.text) refers to key.o(.data) for vol_count
    main.o(.text) refers to main.o(.constdata) for .constdata
    main.o(.text) refers to usart1.o(.text) for USART1_Init
    main.o(.text) refers to key.o(.text) for IO_Init
    main.o(.text) refers to speak.o(.text) for led_on
    main.o(.text) refers to pga2311.o(.text) for PGA2311_Volume
    main.o(.text) refers to stm32f0xx_flash.o(.text) for FLASH_ReadOptionByteData
    delay.o(.text) refers to delay.o(.data) for fac_ms
    i2c1.o(.text) refers to stm32f0xx_rcc.o(.text) for RCC_APB1PeriphClockCmd
    i2c1.o(.text) refers to stm32f0xx_gpio.o(.text) for GPIO_PinAFConfig
    i2c1.o(.text) refers to stm32f0xx_i2c.o(.text) for I2C_Init
    i2c1.o(.text) refers to printf5.o(i.__0printf$5) for __2printf
    i2c1.o(.text) refers to delay.o(.text) for delay_ms
    i2c1.o(.text) refers to i2c1.o(.data) for I2C_Timeout
    i2c1.o(.text) refers to i2c1.o(.conststring) for .conststring
    key.o(.text) refers to stm32f0xx_rcc.o(.text) for RCC_AHBPeriphClockCmd
    key.o(.text) refers to stm32f0xx_gpio.o(.text) for GPIO_Init
    key.o(.text) refers to stm32f0xx_syscfg.o(.text) for SYSCFG_EXTILineConfig
    key.o(.text) refers to stm32f0xx_exti.o(.text) for EXTI_ClearITPendingBit
    key.o(.text) refers to stm32f0xx_misc.o(.text) for NVIC_Init
    key.o(.text) refers to pga2311.o(.text) for PGA2311_Volume
    key.o(.text) refers to stm32f0xx_usart.o(.text) for USART_SendData
    key.o(.text) refers to printf5.o(i.__0printf$5) for __2printf
    key.o(.text) refers to i2c1.o(.text) for I2C1_Write_Byte
    key.o(.text) refers to key.o(.data) for last_a
    key.o(.text) refers to main.o(.text) for k1_hs0038_read
    speak.o(.text) refers to stm32f0xx_gpio.o(.text) for GPIO_SetBits
    pga2311.o(.text) refers to stm32f0xx_gpio.o(.text) for GPIO_ResetBits
    usart2.o(.text) refers to stm32f0xx_rcc.o(.text) for RCC_AHBPeriphClockCmd
    usart2.o(.text) refers to stm32f0xx_gpio.o(.text) for GPIO_PinAFConfig
    usart2.o(.text) refers to stm32f0xx_usart.o(.text) for USART_Init
    usart1.o(.text) refers to stm32f0xx_misc.o(.text) for NVIC_Init
    usart1.o(.text) refers to stm32f0xx_rcc.o(.text) for RCC_AHBPeriphClockCmd
    usart1.o(.text) refers to stm32f0xx_gpio.o(.text) for GPIO_PinAFConfig
    usart1.o(.text) refers to stm32f0xx_usart.o(.text) for USART_Init
    flash.o(.text) refers to stm32f0xx_flash.o(.text) for FLASH_ProgramHalfWord
    flash.o(.text) refers to flash.o(.data) for FLASHStatus
    flash.o(.text) refers to flash.o(.bss) for buf_tmp
    startup_stm32f030x8.o(RESET) refers to startup_stm32f030x8.o(STACK) for __initial_sp
    startup_stm32f030x8.o(RESET) refers to startup_stm32f030x8.o(.text) for Reset_Handler
    startup_stm32f030x8.o(RESET) refers to key.o(.text) for EXTI2_3_IRQHandler
    startup_stm32f030x8.o(RESET) refers to usart1.o(.text) for USART1_IRQHandler
    startup_stm32f030x8.o(.text) refers to system_stm32f0xx.o(.text) for SystemInit
    startup_stm32f030x8.o(.text) refers to entry.o(.ARM.Collect$$$$00000000) for __main
    system_stm32f0xx.o(.text) refers to uidiv.o(.text) for __aeabi_uidivmod
    system_stm32f0xx.o(.text) refers to system_stm32f0xx.o(.data) for SystemCoreClock
    stm32f0xx_adc.o(.text) refers to stm32f0xx_rcc.o(.text) for RCC_APB2PeriphResetCmd
    stm32f0xx_gpio.o(.text) refers to stm32f0xx_rcc.o(.text) for RCC_AHBPeriphResetCmd
    stm32f0xx_i2c.o(.text) refers to stm32f0xx_rcc.o(.text) for RCC_APB1PeriphResetCmd
    stm32f0xx_rcc.o(.text) refers to uidiv.o(.text) for __aeabi_uidivmod
    stm32f0xx_rcc.o(.text) refers to stm32f0xx_rcc.o(.data) for APBAHBPrescTable
    stm32f0xx_tim.o(.text) refers to stm32f0xx_rcc.o(.text) for RCC_APB2PeriphResetCmd
    stm32f0xx_usart.o(.text) refers to stm32f0xx_rcc.o(.text) for RCC_APB2PeriphResetCmd
    stm32f0xx_usart.o(.text) refers to uidiv.o(.text) for __aeabi_uidivmod
    entry.o(.ARM.Collect$$$$00000000) refers (Special) to entry10a.o(.ARM.Collect$$$$0000000D) for __rt_final_cpp
    entry.o(.ARM.Collect$$$$00000000) refers (Special) to entry11a.o(.ARM.Collect$$$$0000000F) for __rt_final_exit
    entry.o(.ARM.Collect$$$$00000000) refers (Special) to entry7b.o(.ARM.Collect$$$$00000008) for _main_clock
    entry.o(.ARM.Collect$$$$00000000) refers (Special) to entry8b.o(.ARM.Collect$$$$0000000A) for _main_cpp_init
    entry.o(.ARM.Collect$$$$00000000) refers (Special) to entry9a.o(.ARM.Collect$$$$0000000B) for _main_init
    entry.o(.ARM.Collect$$$$00000000) refers (Special) to entry5.o(.ARM.Collect$$$$00000004) for _main_scatterload
    entry.o(.ARM.Collect$$$$00000000) refers (Special) to entry2.o(.ARM.Collect$$$$00000001) for _main_stk
    printfb.o(i.__0fprintf$bare) refers to printfb.o(i._printf_core) for _printf_core
    printfb.o(i.__0fprintf$bare) refers to usart1.o(.text) for fputc
    printfb.o(i.__0printf$bare) refers to printfb.o(i._printf_core) for _printf_core
    printfb.o(i.__0printf$bare) refers to usart1.o(.text) for fputc
    printfb.o(i.__0printf$bare) refers to stdout.o(.data) for __stdout
    printfb.o(i.__0snprintf$bare) refers to printfb.o(i._printf_core) for _printf_core
    printfb.o(i.__0snprintf$bare) refers to printfb.o(i._snputc) for _snputc
    printfb.o(i.__0sprintf$bare) refers to printfb.o(i._printf_core) for _printf_core
    printfb.o(i.__0sprintf$bare) refers to printfb.o(i._sputc) for _sputc
    printfb.o(i.__0vfprintf$bare) refers to printfb.o(i._printf_core) for _printf_core
    printfb.o(i.__0vfprintf$bare) refers to usart1.o(.text) for fputc
    printfb.o(i.__0vprintf$bare) refers to printfb.o(i._printf_core) for _printf_core
    printfb.o(i.__0vprintf$bare) refers to usart1.o(.text) for fputc
    printfb.o(i.__0vprintf$bare) refers to stdout.o(.data) for __stdout
    printfb.o(i.__0vsnprintf$bare) refers to printfb.o(i._printf_core) for _printf_core
    printfb.o(i.__0vsnprintf$bare) refers to printfb.o(i._snputc) for _snputc
    printfb.o(i.__0vsprintf$bare) refers to printfb.o(i._printf_core) for _printf_core
    printfb.o(i.__0vsprintf$bare) refers to printfb.o(i._sputc) for _sputc
    printf0.o(i.__0fprintf$0) refers to printf0.o(i._printf_core) for _printf_core
    printf0.o(i.__0fprintf$0) refers to usart1.o(.text) for fputc
    printf0.o(i.__0printf$0) refers to printf0.o(i._printf_core) for _printf_core
    printf0.o(i.__0printf$0) refers to usart1.o(.text) for fputc
    printf0.o(i.__0printf$0) refers to stdout.o(.data) for __stdout
    printf0.o(i.__0snprintf$0) refers to printf0.o(i._printf_core) for _printf_core
    printf0.o(i.__0snprintf$0) refers to printf0.o(i._snputc) for _snputc
    printf0.o(i.__0sprintf$0) refers to printf0.o(i._printf_core) for _printf_core
    printf0.o(i.__0sprintf$0) refers to printf0.o(i._sputc) for _sputc
    printf0.o(i.__0vfprintf$0) refers to printf0.o(i._printf_core) for _printf_core
    printf0.o(i.__0vfprintf$0) refers to usart1.o(.text) for fputc
    printf0.o(i.__0vprintf$0) refers to printf0.o(i._printf_core) for _printf_core
    printf0.o(i.__0vprintf$0) refers to usart1.o(.text) for fputc
    printf0.o(i.__0vprintf$0) refers to stdout.o(.data) for __stdout
    printf0.o(i.__0vsnprintf$0) refers to printf0.o(i._printf_core) for _printf_core
    printf0.o(i.__0vsnprintf$0) refers to printf0.o(i._snputc) for _snputc
    printf0.o(i.__0vsprintf$0) refers to printf0.o(i._printf_core) for _printf_core
    printf0.o(i.__0vsprintf$0) refers to printf0.o(i._sputc) for _sputc
    printf1.o(i.__0fprintf$1) refers to printf1.o(i._printf_core) for _printf_core
    printf1.o(i.__0fprintf$1) refers to usart1.o(.text) for fputc
    printf1.o(i.__0printf$1) refers to printf1.o(i._printf_core) for _printf_core
    printf1.o(i.__0printf$1) refers to usart1.o(.text) for fputc
    printf1.o(i.__0printf$1) refers to stdout.o(.data) for __stdout
    printf1.o(i.__0snprintf$1) refers to printf1.o(i._printf_core) for _printf_core
    printf1.o(i.__0snprintf$1) refers to printf1.o(i._snputc) for _snputc
    printf1.o(i.__0sprintf$1) refers to printf1.o(i._printf_core) for _printf_core
    printf1.o(i.__0sprintf$1) refers to printf1.o(i._sputc) for _sputc
    printf1.o(i.__0vfprintf$1) refers to printf1.o(i._printf_core) for _printf_core
    printf1.o(i.__0vfprintf$1) refers to usart1.o(.text) for fputc
    printf1.o(i.__0vprintf$1) refers to printf1.o(i._printf_core) for _printf_core
    printf1.o(i.__0vprintf$1) refers to usart1.o(.text) for fputc
    printf1.o(i.__0vprintf$1) refers to stdout.o(.data) for __stdout
    printf1.o(i.__0vsnprintf$1) refers to printf1.o(i._printf_core) for _printf_core
    printf1.o(i.__0vsnprintf$1) refers to printf1.o(i._snputc) for _snputc
    printf1.o(i.__0vsprintf$1) refers to printf1.o(i._printf_core) for _printf_core
    printf1.o(i.__0vsprintf$1) refers to printf1.o(i._sputc) for _sputc
    printf1.o(i._printf_core) refers to uidiv.o(.text) for __aeabi_uidivmod
    printf2.o(i.__0fprintf$2) refers to printf2.o(i._printf_core) for _printf_core
    printf2.o(i.__0fprintf$2) refers to usart1.o(.text) for fputc
    printf2.o(i.__0printf$2) refers to printf2.o(i._printf_core) for _printf_core
    printf2.o(i.__0printf$2) refers to usart1.o(.text) for fputc
    printf2.o(i.__0printf$2) refers to stdout.o(.data) for __stdout
    printf2.o(i.__0snprintf$2) refers to printf2.o(i._printf_core) for _printf_core
    printf2.o(i.__0snprintf$2) refers to printf2.o(i._snputc) for _snputc
    printf2.o(i.__0sprintf$2) refers to printf2.o(i._printf_core) for _printf_core
    printf2.o(i.__0sprintf$2) refers to printf2.o(i._sputc) for _sputc
    printf2.o(i.__0vfprintf$2) refers to printf2.o(i._printf_core) for _printf_core
    printf2.o(i.__0vfprintf$2) refers to usart1.o(.text) for fputc
    printf2.o(i.__0vprintf$2) refers to printf2.o(i._printf_core) for _printf_core
    printf2.o(i.__0vprintf$2) refers to usart1.o(.text) for fputc
    printf2.o(i.__0vprintf$2) refers to stdout.o(.data) for __stdout
    printf2.o(i.__0vsnprintf$2) refers to printf2.o(i._printf_core) for _printf_core
    printf2.o(i.__0vsnprintf$2) refers to printf2.o(i._snputc) for _snputc
    printf2.o(i.__0vsprintf$2) refers to printf2.o(i._printf_core) for _printf_core
    printf2.o(i.__0vsprintf$2) refers to printf2.o(i._sputc) for _sputc
    printf3.o(i.__0fprintf$3) refers to printf3.o(i._printf_core) for _printf_core
    printf3.o(i.__0fprintf$3) refers to usart1.o(.text) for fputc
    printf3.o(i.__0printf$3) refers to printf3.o(i._printf_core) for _printf_core
    printf3.o(i.__0printf$3) refers to usart1.o(.text) for fputc
    printf3.o(i.__0printf$3) refers to stdout.o(.data) for __stdout
    printf3.o(i.__0snprintf$3) refers to printf3.o(i._printf_core) for _printf_core
    printf3.o(i.__0snprintf$3) refers to printf3.o(i._snputc) for _snputc
    printf3.o(i.__0sprintf$3) refers to printf3.o(i._printf_core) for _printf_core
    printf3.o(i.__0sprintf$3) refers to printf3.o(i._sputc) for _sputc
    printf3.o(i.__0vfprintf$3) refers to printf3.o(i._printf_core) for _printf_core
    printf3.o(i.__0vfprintf$3) refers to usart1.o(.text) for fputc
    printf3.o(i.__0vprintf$3) refers to printf3.o(i._printf_core) for _printf_core
    printf3.o(i.__0vprintf$3) refers to usart1.o(.text) for fputc
    printf3.o(i.__0vprintf$3) refers to stdout.o(.data) for __stdout
    printf3.o(i.__0vsnprintf$3) refers to printf3.o(i._printf_core) for _printf_core
    printf3.o(i.__0vsnprintf$3) refers to printf3.o(i._snputc) for _snputc
    printf3.o(i.__0vsprintf$3) refers to printf3.o(i._printf_core) for _printf_core
    printf3.o(i.__0vsprintf$3) refers to printf3.o(i._sputc) for _sputc
    printf3.o(i._printf_core) refers to uidiv.o(.text) for __aeabi_uidivmod
    printf4.o(i.__0fprintf$4) refers to printf4.o(i._printf_core) for _printf_core
    printf4.o(i.__0fprintf$4) refers to usart1.o(.text) for fputc
    printf4.o(i.__0printf$4) refers to printf4.o(i._printf_core) for _printf_core
    printf4.o(i.__0printf$4) refers to usart1.o(.text) for fputc
    printf4.o(i.__0printf$4) refers to stdout.o(.data) for __stdout
    printf4.o(i.__0snprintf$4) refers to printf4.o(i._printf_core) for _printf_core
    printf4.o(i.__0snprintf$4) refers to printf4.o(i._snputc) for _snputc
    printf4.o(i.__0sprintf$4) refers to printf4.o(i._printf_core) for _printf_core
    printf4.o(i.__0sprintf$4) refers to printf4.o(i._sputc) for _sputc
    printf4.o(i.__0vfprintf$4) refers to printf4.o(i._printf_core) for _printf_core
    printf4.o(i.__0vfprintf$4) refers to usart1.o(.text) for fputc
    printf4.o(i.__0vprintf$4) refers to printf4.o(i._printf_core) for _printf_core
    printf4.o(i.__0vprintf$4) refers to usart1.o(.text) for fputc
    printf4.o(i.__0vprintf$4) refers to stdout.o(.data) for __stdout
    printf4.o(i.__0vsnprintf$4) refers to printf4.o(i._printf_core) for _printf_core
    printf4.o(i.__0vsnprintf$4) refers to printf4.o(i._snputc) for _snputc
    printf4.o(i.__0vsprintf$4) refers to printf4.o(i._printf_core) for _printf_core
    printf4.o(i.__0vsprintf$4) refers to printf4.o(i._sputc) for _sputc
    printf4.o(i._printf_core) refers to uldiv.o(.text) for __aeabi_uldivmod
    printf5.o(i.__0fprintf$5) refers to printf5.o(i._printf_core) for _printf_core
    printf5.o(i.__0fprintf$5) refers to usart1.o(.text) for fputc
    printf5.o(i.__0printf$5) refers to printf5.o(i._printf_core) for _printf_core
    printf5.o(i.__0printf$5) refers to usart1.o(.text) for fputc
    printf5.o(i.__0printf$5) refers to stdout.o(.data) for __stdout
    printf5.o(i.__0snprintf$5) refers to printf5.o(i._printf_core) for _printf_core
    printf5.o(i.__0snprintf$5) refers to printf5.o(i._snputc) for _snputc
    printf5.o(i.__0sprintf$5) refers to printf5.o(i._printf_core) for _printf_core
    printf5.o(i.__0sprintf$5) refers to printf5.o(i._sputc) for _sputc
    printf5.o(i.__0vfprintf$5) refers to printf5.o(i._printf_core) for _printf_core
    printf5.o(i.__0vfprintf$5) refers to usart1.o(.text) for fputc
    printf5.o(i.__0vprintf$5) refers to printf5.o(i._printf_core) for _printf_core
    printf5.o(i.__0vprintf$5) refers to usart1.o(.text) for fputc
    printf5.o(i.__0vprintf$5) refers to stdout.o(.data) for __stdout
    printf5.o(i.__0vsnprintf$5) refers to printf5.o(i._printf_core) for _printf_core
    printf5.o(i.__0vsnprintf$5) refers to printf5.o(i._snputc) for _snputc
    printf5.o(i.__0vsprintf$5) refers to printf5.o(i._printf_core) for _printf_core
    printf5.o(i.__0vsprintf$5) refers to printf5.o(i._sputc) for _sputc
    printf5.o(i._printf_core) refers to uldiv.o(.text) for __aeabi_uldivmod
    printf6.o(i.__0fprintf$6) refers to printf6.o(i._printf_core) for _printf_core
    printf6.o(i.__0fprintf$6) refers to usart1.o(.text) for fputc
    printf6.o(i.__0printf$6) refers to printf6.o(i._printf_core) for _printf_core
    printf6.o(i.__0printf$6) refers to usart1.o(.text) for fputc
    printf6.o(i.__0printf$6) refers to stdout.o(.data) for __stdout
    printf6.o(i.__0snprintf$6) refers to printf6.o(i._printf_core) for _printf_core
    printf6.o(i.__0snprintf$6) refers to printf6.o(i._snputc) for _snputc
    printf6.o(i.__0sprintf$6) refers to printf6.o(i._printf_core) for _printf_core
    printf6.o(i.__0sprintf$6) refers to printf6.o(i._sputc) for _sputc
    printf6.o(i.__0vfprintf$6) refers to printf6.o(i._printf_core) for _printf_core
    printf6.o(i.__0vfprintf$6) refers to usart1.o(.text) for fputc
    printf6.o(i.__0vprintf$6) refers to printf6.o(i._printf_core) for _printf_core
    printf6.o(i.__0vprintf$6) refers to usart1.o(.text) for fputc
    printf6.o(i.__0vprintf$6) refers to stdout.o(.data) for __stdout
    printf6.o(i.__0vsnprintf$6) refers to printf6.o(i._printf_core) for _printf_core
    printf6.o(i.__0vsnprintf$6) refers to printf6.o(i._snputc) for _snputc
    printf6.o(i.__0vsprintf$6) refers to printf6.o(i._printf_core) for _printf_core
    printf6.o(i.__0vsprintf$6) refers to printf6.o(i._sputc) for _sputc
    printf6.o(i._printf_core) refers to printf6.o(i._printf_pre_padding) for _printf_pre_padding
    printf6.o(i._printf_core) refers to printf6.o(i._printf_post_padding) for _printf_post_padding
    printf6.o(i._printf_core) refers to uidiv.o(.text) for __aeabi_uidivmod
    printf7.o(i.__0fprintf$7) refers to printf7.o(i._printf_core) for _printf_core
    printf7.o(i.__0fprintf$7) refers to usart1.o(.text) for fputc
    printf7.o(i.__0printf$7) refers to printf7.o(i._printf_core) for _printf_core
    printf7.o(i.__0printf$7) refers to usart1.o(.text) for fputc
    printf7.o(i.__0printf$7) refers to stdout.o(.data) for __stdout
    printf7.o(i.__0snprintf$7) refers to printf7.o(i._printf_core) for _printf_core
    printf7.o(i.__0snprintf$7) refers to printf7.o(i._snputc) for _snputc
    printf7.o(i.__0sprintf$7) refers to printf7.o(i._printf_core) for _printf_core
    printf7.o(i.__0sprintf$7) refers to printf7.o(i._sputc) for _sputc
    printf7.o(i.__0vfprintf$7) refers to printf7.o(i._printf_core) for _printf_core
    printf7.o(i.__0vfprintf$7) refers to usart1.o(.text) for fputc
    printf7.o(i.__0vprintf$7) refers to printf7.o(i._printf_core) for _printf_core
    printf7.o(i.__0vprintf$7) refers to usart1.o(.text) for fputc
    printf7.o(i.__0vprintf$7) refers to stdout.o(.data) for __stdout
    printf7.o(i.__0vsnprintf$7) refers to printf7.o(i._printf_core) for _printf_core
    printf7.o(i.__0vsnprintf$7) refers to printf7.o(i._snputc) for _snputc
    printf7.o(i.__0vsprintf$7) refers to printf7.o(i._printf_core) for _printf_core
    printf7.o(i.__0vsprintf$7) refers to printf7.o(i._sputc) for _sputc
    printf7.o(i._printf_core) refers to printf7.o(i._printf_pre_padding) for _printf_pre_padding
    printf7.o(i._printf_core) refers to printf7.o(i._printf_post_padding) for _printf_post_padding
    printf7.o(i._printf_core) refers to uldiv.o(.text) for __aeabi_uldivmod
    printf8.o(i.__0fprintf$8) refers to printf8.o(i._printf_core) for _printf_core
    printf8.o(i.__0fprintf$8) refers to usart1.o(.text) for fputc
    printf8.o(i.__0printf$8) refers to printf8.o(i._printf_core) for _printf_core
    printf8.o(i.__0printf$8) refers to usart1.o(.text) for fputc
    printf8.o(i.__0printf$8) refers to stdout.o(.data) for __stdout
    printf8.o(i.__0snprintf$8) refers to printf8.o(i._printf_core) for _printf_core
    printf8.o(i.__0snprintf$8) refers to printf8.o(i._snputc) for _snputc
    printf8.o(i.__0sprintf$8) refers to printf8.o(i._printf_core) for _printf_core
    printf8.o(i.__0sprintf$8) refers to printf8.o(i._sputc) for _sputc
    printf8.o(i.__0vfprintf$8) refers to printf8.o(i._printf_core) for _printf_core
    printf8.o(i.__0vfprintf$8) refers to usart1.o(.text) for fputc
    printf8.o(i.__0vprintf$8) refers to printf8.o(i._printf_core) for _printf_core
    printf8.o(i.__0vprintf$8) refers to usart1.o(.text) for fputc
    printf8.o(i.__0vprintf$8) refers to stdout.o(.data) for __stdout
    printf8.o(i.__0vsnprintf$8) refers to printf8.o(i._printf_core) for _printf_core
    printf8.o(i.__0vsnprintf$8) refers to printf8.o(i._snputc) for _snputc
    printf8.o(i.__0vsprintf$8) refers to printf8.o(i._printf_core) for _printf_core
    printf8.o(i.__0vsprintf$8) refers to printf8.o(i._sputc) for _sputc
    printf8.o(i._printf_core) refers to printf8.o(i._printf_pre_padding) for _printf_pre_padding
    printf8.o(i._printf_core) refers to printf8.o(i._printf_post_padding) for _printf_post_padding
    printf8.o(i._printf_core) refers to uldiv.o(.text) for __aeabi_uldivmod
    printfa.o(i.__0fprintf) refers (Special) to iusefp.o(.text) for __I$use$fp
    printfa.o(i.__0fprintf) refers to printfa.o(i._printf_core) for _printf_core
    printfa.o(i.__0fprintf) refers to usart1.o(.text) for fputc
    printfa.o(i.__0printf) refers (Special) to iusefp.o(.text) for __I$use$fp
    printfa.o(i.__0printf) refers to printfa.o(i._printf_core) for _printf_core
    printfa.o(i.__0printf) refers to usart1.o(.text) for fputc
    printfa.o(i.__0printf) refers to stdout.o(.data) for __stdout
    printfa.o(i.__0snprintf) refers (Special) to iusefp.o(.text) for __I$use$fp
    printfa.o(i.__0snprintf) refers to printfa.o(i._printf_core) for _printf_core
    printfa.o(i.__0snprintf) refers to printfa.o(i._snputc) for _snputc
    printfa.o(i.__0sprintf) refers (Special) to iusefp.o(.text) for __I$use$fp
    printfa.o(i.__0sprintf) refers to printfa.o(i._printf_core) for _printf_core
    printfa.o(i.__0sprintf) refers to printfa.o(i._sputc) for _sputc
    printfa.o(i.__0vfprintf) refers (Special) to iusefp.o(.text) for __I$use$fp
    printfa.o(i.__0vfprintf) refers to printfa.o(i._printf_core) for _printf_core
    printfa.o(i.__0vfprintf) refers to usart1.o(.text) for fputc
    printfa.o(i.__0vprintf) refers (Special) to iusefp.o(.text) for __I$use$fp
    printfa.o(i.__0vprintf) refers to printfa.o(i._printf_core) for _printf_core
    printfa.o(i.__0vprintf) refers to usart1.o(.text) for fputc
    printfa.o(i.__0vprintf) refers to stdout.o(.data) for __stdout
    printfa.o(i.__0vsnprintf) refers (Special) to iusefp.o(.text) for __I$use$fp
    printfa.o(i.__0vsnprintf) refers to printfa.o(i._printf_core) for _printf_core
    printfa.o(i.__0vsnprintf) refers to printfa.o(i._snputc) for _snputc
    printfa.o(i.__0vsprintf) refers (Special) to iusefp.o(.text) for __I$use$fp
    printfa.o(i.__0vsprintf) refers to printfa.o(i._printf_core) for _printf_core
    printfa.o(i.__0vsprintf) refers to printfa.o(i._sputc) for _sputc
    printfa.o(i._fp_digits) refers (Special) to iusefp.o(.text) for __I$use$fp
    printfa.o(i._fp_digits) refers to dmul.o(.text) for __aeabi_dmul
    printfa.o(i._fp_digits) refers to ddiv.o(.text) for __aeabi_ddiv
    printfa.o(i._fp_digits) refers to cdrcmple.o(.text) for __aeabi_cdrcmple
    printfa.o(i._fp_digits) refers to dadd.o(.text) for __aeabi_dadd
    printfa.o(i._fp_digits) refers to dfixul.o(.text) for __aeabi_d2ulz
    printfa.o(i._fp_digits) refers to uldiv.o(.text) for __aeabi_uldivmod
    printfa.o(i._printf_core) refers (Special) to iusefp.o(.text) for __I$use$fp
    printfa.o(i._printf_core) refers to printfa.o(i._printf_pre_padding) for _printf_pre_padding
    printfa.o(i._printf_core) refers to uldiv.o(.text) for __aeabi_uldivmod
    printfa.o(i._printf_core) refers to printfa.o(i._printf_post_padding) for _printf_post_padding
    printfa.o(i._printf_core) refers to printfa.o(i._fp_digits) for _fp_digits
    printfa.o(i._printf_core) refers to uidiv.o(.text) for __aeabi_uidivmod
    printfa.o(i._printf_post_padding) refers (Special) to iusefp.o(.text) for __I$use$fp
    printfa.o(i._printf_pre_padding) refers (Special) to iusefp.o(.text) for __I$use$fp
    printfa.o(i._snputc) refers (Special) to iusefp.o(.text) for __I$use$fp
    printfa.o(i._sputc) refers (Special) to iusefp.o(.text) for __I$use$fp
    entry2.o(.ARM.Collect$$$$00000001) refers to entry2.o(.ARM.Collect$$$$00002712) for __lit__00000000
    entry2.o(.ARM.Collect$$$$00002712) refers to startup_stm32f030x8.o(STACK) for __initial_sp
    entry2.o(__vectab_stack_and_reset_area) refers to startup_stm32f030x8.o(STACK) for __initial_sp
    entry2.o(__vectab_stack_and_reset_area) refers to entry.o(.ARM.Collect$$$$00000000) for __main
    entry5.o(.ARM.Collect$$$$00000004) refers to init.o(.text) for __scatterload
    entry9a.o(.ARM.Collect$$$$0000000B) refers to main.o(.text) for main
    entry9b.o(.ARM.Collect$$$$0000000C) refers to main.o(.text) for main
    uldiv.o(.text) refers to llushr.o(.text) for __aeabi_llsr
    uldiv.o(.text) refers to llshl.o(.text) for __aeabi_llsl
    dadd.o(.text) refers to llshl.o(.text) for __aeabi_llsl
    dadd.o(.text) refers to llsshr.o(.text) for __aeabi_lasr
    dadd.o(.text) refers to depilogue.o(.text) for _double_epilogue
    dmul.o(.text) refers to depilogue.o(.text) for _double_epilogue
    ddiv.o(.text) refers to depilogue.o(.text) for _double_round
    dfixul.o(.text) refers to llushr.o(.text) for __aeabi_llsr
    dfixul.o(.text) refers to llshl.o(.text) for __aeabi_llsl
    init.o(.text) refers to entry5.o(.ARM.Collect$$$$00000004) for __main_after_scatterload
    depilogue.o(.text) refers to depilogue.o(i.__ARM_clz) for __ARM_clz
    depilogue.o(.text) refers to llshl.o(.text) for __aeabi_llsl
    depilogue.o(.text) refers to llushr.o(.text) for __aeabi_llsr


==============================================================================

Removing Unused input sections from the image.

    Removing main.o(.rev16_text), (4 bytes).
    Removing main.o(.revsh_text), (4 bytes).
    Removing main.o(.bss), (1020 bytes).
    Removing delay.o(.rev16_text), (4 bytes).
    Removing delay.o(.revsh_text), (4 bytes).
    Removing i2c1.o(.rev16_text), (4 bytes).
    Removing i2c1.o(.revsh_text), (4 bytes).
    Removing key.o(.rev16_text), (4 bytes).
    Removing key.o(.revsh_text), (4 bytes).
    Removing speak.o(.rev16_text), (4 bytes).
    Removing speak.o(.revsh_text), (4 bytes).
    Removing speak.o(.data), (59 bytes).
    Removing pga2311.o(.rev16_text), (4 bytes).
    Removing pga2311.o(.revsh_text), (4 bytes).
    Removing usart2.o(.rev16_text), (4 bytes).
    Removing usart2.o(.revsh_text), (4 bytes).
    Removing usart2.o(.text), (120 bytes).
    Removing usart1.o(.rev16_text), (4 bytes).
    Removing usart1.o(.revsh_text), (4 bytes).
    Removing flash.o(.rev16_text), (4 bytes).
    Removing flash.o(.revsh_text), (4 bytes).
    Removing flash.o(.text), (492 bytes).
    Removing flash.o(.bss), (1024 bytes).
    Removing flash.o(.data), (1 bytes).
    Removing startup_stm32f030x8.o(HEAP), (512 bytes).
    Removing system_stm32f0xx.o(.rev16_text), (4 bytes).
    Removing system_stm32f0xx.o(.revsh_text), (4 bytes).
    Removing stm32f0xx_adc.o(.rev16_text), (4 bytes).
    Removing stm32f0xx_adc.o(.revsh_text), (4 bytes).
    Removing stm32f0xx_adc.o(.text), (744 bytes).
    Removing stm32f0xx_dma.o(.rev16_text), (4 bytes).
    Removing stm32f0xx_dma.o(.revsh_text), (4 bytes).
    Removing stm32f0xx_dma.o(.text), (368 bytes).
    Removing stm32f0xx_exti.o(.rev16_text), (4 bytes).
    Removing stm32f0xx_exti.o(.revsh_text), (4 bytes).
    Removing stm32f0xx_flash.o(.rev16_text), (4 bytes).
    Removing stm32f0xx_flash.o(.revsh_text), (4 bytes).
    Removing stm32f0xx_gpio.o(.rev16_text), (4 bytes).
    Removing stm32f0xx_gpio.o(.revsh_text), (4 bytes).
    Removing stm32f0xx_i2c.o(.rev16_text), (4 bytes).
    Removing stm32f0xx_i2c.o(.revsh_text), (4 bytes).
    Removing stm32f0xx_misc.o(.rev16_text), (4 bytes).
    Removing stm32f0xx_misc.o(.revsh_text), (4 bytes).
    Removing stm32f0xx_rcc.o(.rev16_text), (4 bytes).
    Removing stm32f0xx_rcc.o(.revsh_text), (4 bytes).
    Removing stm32f0xx_rtc.o(.rev16_text), (4 bytes).
    Removing stm32f0xx_rtc.o(.revsh_text), (4 bytes).
    Removing stm32f0xx_rtc.o(.text), (2956 bytes).
    Removing stm32f0xx_syscfg.o(.rev16_text), (4 bytes).
    Removing stm32f0xx_syscfg.o(.revsh_text), (4 bytes).
    Removing stm32f0xx_tim.o(.rev16_text), (4 bytes).
    Removing stm32f0xx_tim.o(.revsh_text), (4 bytes).
    Removing stm32f0xx_tim.o(.text), (3020 bytes).
    Removing stm32f0xx_usart.o(.rev16_text), (4 bytes).
    Removing stm32f0xx_usart.o(.revsh_text), (4 bytes).
    Removing dadd.o(.text), (356 bytes).
    Removing dmul.o(.text), (208 bytes).
    Removing ddiv.o(.text), (240 bytes).
    Removing dfixul.o(.text), (64 bytes).
    Removing cdrcmple.o(.text), (40 bytes).
    Removing depilogue.o(.text), (190 bytes).
    Removing depilogue.o(i.__ARM_clz), (46 bytes).

62 unused section(s) (total 11636 bytes) removed from the image.

==============================================================================

Image Symbol Table

    Local Symbols

    Symbol Name                              Value     Ov Type        Size  Object(Section)

    ../clib/microlib/division.c              0x00000000   Number         0  uidiv.o ABSOLUTE
    ../clib/microlib/division.c              0x00000000   Number         0  uldiv.o ABSOLUTE
    ../clib/microlib/init/entry.s            0x00000000   Number         0  entry2.o ABSOLUTE
    ../clib/microlib/init/entry.s            0x00000000   Number         0  entry7a.o ABSOLUTE
    ../clib/microlib/init/entry.s            0x00000000   Number         0  entry11a.o ABSOLUTE
    ../clib/microlib/init/entry.s            0x00000000   Number         0  entry10b.o ABSOLUTE
    ../clib/microlib/init/entry.s            0x00000000   Number         0  entry10a.o ABSOLUTE
    ../clib/microlib/init/entry.s            0x00000000   Number         0  entry9b.o ABSOLUTE
    ../clib/microlib/init/entry.s            0x00000000   Number         0  entry9a.o ABSOLUTE
    ../clib/microlib/init/entry.s            0x00000000   Number         0  entry8b.o ABSOLUTE
    ../clib/microlib/init/entry.s            0x00000000   Number         0  entry8a.o ABSOLUTE
    ../clib/microlib/init/entry.s            0x00000000   Number         0  entry.o ABSOLUTE
    ../clib/microlib/init/entry.s            0x00000000   Number         0  entry11b.o ABSOLUTE
    ../clib/microlib/init/entry.s            0x00000000   Number         0  entry7b.o ABSOLUTE
    ../clib/microlib/init/entry.s            0x00000000   Number         0  entry5.o ABSOLUTE
    ../clib/microlib/longlong.c              0x00000000   Number         0  llshl.o ABSOLUTE
    ../clib/microlib/longlong.c              0x00000000   Number         0  llsshr.o ABSOLUTE
    ../clib/microlib/longlong.c              0x00000000   Number         0  llushr.o ABSOLUTE
    ../clib/microlib/printf/printf.c         0x00000000   Number         0  printf4.o ABSOLUTE
    ../clib/microlib/printf/printf.c         0x00000000   Number         0  printfa.o ABSOLUTE
    ../clib/microlib/printf/printf.c         0x00000000   Number         0  printf1.o ABSOLUTE
    ../clib/microlib/printf/printf.c         0x00000000   Number         0  printf8.o ABSOLUTE
    ../clib/microlib/printf/printf.c         0x00000000   Number         0  printf2.o ABSOLUTE
    ../clib/microlib/printf/printf.c         0x00000000   Number         0  printf3.o ABSOLUTE
    ../clib/microlib/printf/printf.c         0x00000000   Number         0  printf7.o ABSOLUTE
    ../clib/microlib/printf/printf.c         0x00000000   Number         0  printfb.o ABSOLUTE
    ../clib/microlib/printf/printf.c         0x00000000   Number         0  printf6.o ABSOLUTE
    ../clib/microlib/printf/printf.c         0x00000000   Number         0  printf0.o ABSOLUTE
    ../clib/microlib/printf/printf.c         0x00000000   Number         0  printf5.o ABSOLUTE
    ../clib/microlib/printf/stubs.s          0x00000000   Number         0  stubs.o ABSOLUTE
    ../clib/microlib/stdio/streams.c         0x00000000   Number         0  stdout.o ABSOLUTE
    ../clib/microlib/stubs.s                 0x00000000   Number         0  iusefp.o ABSOLUTE
    ../fplib/microlib/fpadd.c                0x00000000   Number         0  dadd.o ABSOLUTE
    ../fplib/microlib/fpdiv.c                0x00000000   Number         0  ddiv.o ABSOLUTE
    ../fplib/microlib/fpepilogue.c           0x00000000   Number         0  depilogue.o ABSOLUTE
    ../fplib/microlib/fpfix.c                0x00000000   Number         0  dfixul.o ABSOLUTE
    ../fplib/microlib/fpmul.c                0x00000000   Number         0  dmul.o ABSOLUTE
    ..\My_Lib\FLASH\flash.c                  0x00000000   Number         0  flash.o ABSOLUTE
    ..\My_Lib\I2C\i2c1.c                     0x00000000   Number         0  i2c1.o ABSOLUTE
    ..\My_Lib\KEY\KEY.c                      0x00000000   Number         0  key.o ABSOLUTE
    ..\My_Lib\PGA2311\PGA2311.c              0x00000000   Number         0  pga2311.o ABSOLUTE
    ..\My_Lib\SPEAK\speak.c                  0x00000000   Number         0  speak.o ABSOLUTE
    ..\My_Lib\USART1\USART1.c                0x00000000   Number         0  usart1.o ABSOLUTE
    ..\My_Lib\USART2\USART2.c                0x00000000   Number         0  usart2.o ABSOLUTE
    ..\My_Lib\delay\delay.c                  0x00000000   Number         0  delay.o ABSOLUTE
    ..\ST_Lib\src\stm32f0xx_adc.c            0x00000000   Number         0  stm32f0xx_adc.o ABSOLUTE
    ..\ST_Lib\src\stm32f0xx_dma.c            0x00000000   Number         0  stm32f0xx_dma.o ABSOLUTE
    ..\ST_Lib\src\stm32f0xx_exti.c           0x00000000   Number         0  stm32f0xx_exti.o ABSOLUTE
    ..\ST_Lib\src\stm32f0xx_flash.c          0x00000000   Number         0  stm32f0xx_flash.o ABSOLUTE
    ..\ST_Lib\src\stm32f0xx_gpio.c           0x00000000   Number         0  stm32f0xx_gpio.o ABSOLUTE
    ..\ST_Lib\src\stm32f0xx_i2c.c            0x00000000   Number         0  stm32f0xx_i2c.o ABSOLUTE
    ..\ST_Lib\src\stm32f0xx_misc.c           0x00000000   Number         0  stm32f0xx_misc.o ABSOLUTE
    ..\ST_Lib\src\stm32f0xx_rcc.c            0x00000000   Number         0  stm32f0xx_rcc.o ABSOLUTE
    ..\ST_Lib\src\stm32f0xx_rtc.c            0x00000000   Number         0  stm32f0xx_rtc.o ABSOLUTE
    ..\ST_Lib\src\stm32f0xx_syscfg.c         0x00000000   Number         0  stm32f0xx_syscfg.o ABSOLUTE
    ..\ST_Lib\src\stm32f0xx_tim.c            0x00000000   Number         0  stm32f0xx_tim.o ABSOLUTE
    ..\ST_Lib\src\stm32f0xx_usart.c          0x00000000   Number         0  stm32f0xx_usart.o ABSOLUTE
    ..\System\CMSIS\system_stm32f0xx.c       0x00000000   Number         0  system_stm32f0xx.o ABSOLUTE
    ..\System\startup\startup_stm32f030x8.s  0x00000000   Number         0  startup_stm32f030x8.o ABSOLUTE
    ..\User\main.c                           0x00000000   Number         0  main.o ABSOLUTE
    ..\\My_Lib\\FLASH\\flash.c               0x00000000   Number         0  flash.o ABSOLUTE
    ..\\My_Lib\\I2C\\i2c1.c                  0x00000000   Number         0  i2c1.o ABSOLUTE
    ..\\My_Lib\\KEY\\KEY.c                   0x00000000   Number         0  key.o ABSOLUTE
    ..\\My_Lib\\PGA2311\\PGA2311.c           0x00000000   Number         0  pga2311.o ABSOLUTE
    ..\\My_Lib\\SPEAK\\speak.c               0x00000000   Number         0  speak.o ABSOLUTE
    ..\\My_Lib\\USART1\\USART1.c             0x00000000   Number         0  usart1.o ABSOLUTE
    ..\\My_Lib\\USART2\\USART2.c             0x00000000   Number         0  usart2.o ABSOLUTE
    ..\\My_Lib\\delay\\delay.c               0x00000000   Number         0  delay.o ABSOLUTE
    ..\\ST_Lib\\src\\stm32f0xx_adc.c         0x00000000   Number         0  stm32f0xx_adc.o ABSOLUTE
    ..\\ST_Lib\\src\\stm32f0xx_dma.c         0x00000000   Number         0  stm32f0xx_dma.o ABSOLUTE
    ..\\ST_Lib\\src\\stm32f0xx_exti.c        0x00000000   Number         0  stm32f0xx_exti.o ABSOLUTE
    ..\\ST_Lib\\src\\stm32f0xx_flash.c       0x00000000   Number         0  stm32f0xx_flash.o ABSOLUTE
    ..\\ST_Lib\\src\\stm32f0xx_gpio.c        0x00000000   Number         0  stm32f0xx_gpio.o ABSOLUTE
    ..\\ST_Lib\\src\\stm32f0xx_i2c.c         0x00000000   Number         0  stm32f0xx_i2c.o ABSOLUTE
    ..\\ST_Lib\\src\\stm32f0xx_misc.c        0x00000000   Number         0  stm32f0xx_misc.o ABSOLUTE
    ..\\ST_Lib\\src\\stm32f0xx_rcc.c         0x00000000   Number         0  stm32f0xx_rcc.o ABSOLUTE
    ..\\ST_Lib\\src\\stm32f0xx_rtc.c         0x00000000   Number         0  stm32f0xx_rtc.o ABSOLUTE
    ..\\ST_Lib\\src\\stm32f0xx_syscfg.c      0x00000000   Number         0  stm32f0xx_syscfg.o ABSOLUTE
    ..\\ST_Lib\\src\\stm32f0xx_tim.c         0x00000000   Number         0  stm32f0xx_tim.o ABSOLUTE
    ..\\ST_Lib\\src\\stm32f0xx_usart.c       0x00000000   Number         0  stm32f0xx_usart.o ABSOLUTE
    ..\\System\\CMSIS\\system_stm32f0xx.c    0x00000000   Number         0  system_stm32f0xx.o ABSOLUTE
    ..\\User\\main.c                         0x00000000   Number         0  main.o ABSOLUTE
    cdrcmple.s                               0x00000000   Number         0  cdrcmple.o ABSOLUTE
    dc.s                                     0x00000000   Number         0  dc.o ABSOLUTE
    handlers.s                               0x00000000   Number         0  handlers.o ABSOLUTE
    init.s                                   0x00000000   Number         0  init.o ABSOLUTE
    RESET                                    0x08000000   Section      192  startup_stm32f030x8.o(RESET)
    .ARM.Collect$$$$00000000                 0x080000c0   Section        0  entry.o(.ARM.Collect$$$$00000000)
    .ARM.Collect$$$$00000001                 0x080000c0   Section        4  entry2.o(.ARM.Collect$$$$00000001)
    .ARM.Collect$$$$00000004                 0x080000c4   Section        4  entry5.o(.ARM.Collect$$$$00000004)
    .ARM.Collect$$$$00000008                 0x080000c8   Section        0  entry7b.o(.ARM.Collect$$$$00000008)
    .ARM.Collect$$$$0000000A                 0x080000c8   Section        0  entry8b.o(.ARM.Collect$$$$0000000A)
    .ARM.Collect$$$$0000000B                 0x080000c8   Section        8  entry9a.o(.ARM.Collect$$$$0000000B)
    .ARM.Collect$$$$0000000D                 0x080000d0   Section        0  entry10a.o(.ARM.Collect$$$$0000000D)
    .ARM.Collect$$$$0000000F                 0x080000d0   Section        0  entry11a.o(.ARM.Collect$$$$0000000F)
    .ARM.Collect$$$$00002712                 0x080000d0   Section        4  entry2.o(.ARM.Collect$$$$00002712)
    __lit__00000000                          0x080000d0   Data           4  entry2.o(.ARM.Collect$$$$00002712)
    .text                                    0x080000d4   Section        0  main.o(.text)
    gpio_get_value                           0x080000d5   Thumb Code    28  main.o(.text)
    serial_data_read_byte                    0x080000f1   Thumb Code    82  main.o(.text)
    .text                                    0x08000838   Section        0  delay.o(.text)
    .text                                    0x08000908   Section        0  i2c1.o(.text)
    .text                                    0x08000d78   Section        0  key.o(.text)
    .text                                    0x08001290   Section        0  speak.o(.text)
    .text                                    0x080012e0   Section        0  pga2311.o(.text)
    .text                                    0x08001350   Section        0  usart1.o(.text)
    .text                                    0x08001434   Section       28  startup_stm32f030x8.o(.text)
    .text                                    0x08001450   Section        0  system_stm32f0xx.o(.text)
    SetSysClock                              0x08001451   Thumb Code   224  system_stm32f0xx.o(.text)
    .text                                    0x08001658   Section        0  stm32f0xx_exti.o(.text)
    .text                                    0x08001750   Section        0  stm32f0xx_flash.o(.text)
    .text                                    0x08001d80   Section        0  stm32f0xx_gpio.o(.text)
    .text                                    0x08001f70   Section        0  stm32f0xx_i2c.o(.text)
    .text                                    0x080023dc   Section        0  stm32f0xx_misc.o(.text)
    .text                                    0x08002490   Section        0  stm32f0xx_rcc.o(.text)
    .text                                    0x08002a88   Section        0  stm32f0xx_syscfg.o(.text)
    .text                                    0x08002b78   Section        0  stm32f0xx_usart.o(.text)
    .text                                    0x080030ec   Section        0  uidiv.o(.text)
    .text                                    0x08003118   Section        0  uldiv.o(.text)
    .text                                    0x08003178   Section       36  init.o(.text)
    .text                                    0x0800319c   Section        0  llshl.o(.text)
    .text                                    0x080031bc   Section        0  llushr.o(.text)
    i.__0printf$5                            0x080031e0   Section        0  printf5.o(i.__0printf$5)
    i.__ARM_common_switch8                   0x08003200   Section        0  main.o(i.__ARM_common_switch8)
    i.__scatterload_copy                     0x0800321c   Section       14  handlers.o(i.__scatterload_copy)
    i.__scatterload_null                     0x0800322a   Section        2  handlers.o(i.__scatterload_null)
    i.__scatterload_zeroinit                 0x0800322c   Section       14  handlers.o(i.__scatterload_zeroinit)
    i._printf_core                           0x0800323c   Section        0  printf5.o(i._printf_core)
    _printf_core                             0x0800323d   Thumb Code   688  printf5.o(i._printf_core)
    .constdata                               0x08003518   Section    35270  main.o(.constdata)
    .conststring                             0x0800bee0   Section       66  i2c1.o(.conststring)
    .data                                    0x20000000   Section       50  main.o(.data)
    volume_set                               0x20000018   Data          26  main.o(.data)
    .data                                    0x20000032   Section        3  delay.o(.data)
    .data                                    0x20000038   Section        6  i2c1.o(.data)
    .data                                    0x20000040   Section       20  key.o(.data)
    .data                                    0x20000054   Section       20  system_stm32f0xx.o(.data)
    .data                                    0x20000068   Section       16  stm32f0xx_rcc.o(.data)
    APBAHBPrescTable                         0x20000068   Data          16  stm32f0xx_rcc.o(.data)
    .data                                    0x20000078   Section        4  stdout.o(.data)
    STACK                                    0x20000080   Section     1024  startup_stm32f030x8.o(STACK)

    Global Symbols

    Symbol Name                              Value     Ov Type        Size  Object(Section)

    BuildAttributes$$THM_ISAv3M$S$PE$A:L22$X:L11$S22$IEEE1$IW$USESV6$~STKCKD$USESV7$~SHL$OSPACE$ROPI$EBA8$MICROLIB$REQ8$PRES8$EABIv2 0x00000000   Number         0  anon$$obj.o ABSOLUTE
    __ARM_use_no_argv                        0x00000000   Number         0  main.o ABSOLUTE
    _printf_a                                0x00000000   Number         0  stubs.o ABSOLUTE
    _printf_c                                0x00000000   Number         0  stubs.o ABSOLUTE
    _printf_charcount                        0x00000000   Number         0  stubs.o ABSOLUTE
    _printf_d                                0x00000000   Number         0  stubs.o ABSOLUTE
    _printf_e                                0x00000000   Number         0  stubs.o ABSOLUTE
    _printf_f                                0x00000000   Number         0  stubs.o ABSOLUTE
    _printf_flags                            0x00000000   Number         0  stubs.o ABSOLUTE
    _printf_fp_dec                           0x00000000   Number         0  stubs.o ABSOLUTE
    _printf_fp_hex                           0x00000000   Number         0  stubs.o ABSOLUTE
    _printf_g                                0x00000000   Number         0  stubs.o ABSOLUTE
    _printf_i                                0x00000000   Number         0  stubs.o ABSOLUTE
    _printf_int_dec                          0x00000000   Number         0  stubs.o ABSOLUTE
    _printf_l                                0x00000000   Number         0  stubs.o ABSOLUTE
    _printf_lc                               0x00000000   Number         0  stubs.o ABSOLUTE
    _printf_ll                               0x00000000   Number         0  stubs.o ABSOLUTE
    _printf_lld                              0x00000000   Number         0  stubs.o ABSOLUTE
    _printf_lli                              0x00000000   Number         0  stubs.o ABSOLUTE
    _printf_llo                              0x00000000   Number         0  stubs.o ABSOLUTE
    _printf_llu                              0x00000000   Number         0  stubs.o ABSOLUTE
    _printf_llx                              0x00000000   Number         0  stubs.o ABSOLUTE
    _printf_longlong_dec                     0x00000000   Number         0  stubs.o ABSOLUTE
    _printf_longlong_hex                     0x00000000   Number         0  stubs.o ABSOLUTE
    _printf_longlong_oct                     0x00000000   Number         0  stubs.o ABSOLUTE
    _printf_ls                               0x00000000   Number         0  stubs.o ABSOLUTE
    _printf_mbtowc                           0x00000000   Number         0  stubs.o ABSOLUTE
    _printf_n                                0x00000000   Number         0  stubs.o ABSOLUTE
    _printf_o                                0x00000000   Number         0  stubs.o ABSOLUTE
    _printf_p                                0x00000000   Number         0  stubs.o ABSOLUTE
    _printf_percent                          0x00000000   Number         0  stubs.o ABSOLUTE
    _printf_pre_padding                      0x00000000   Number         0  stubs.o ABSOLUTE
    _printf_return_value                     0x00000000   Number         0  stubs.o ABSOLUTE
    _printf_s                                0x00000000   Number         0  stubs.o ABSOLUTE
    _printf_sizespec                         0x00000000   Number         0  stubs.o ABSOLUTE
    _printf_str                              0x00000000   Number         0  stubs.o ABSOLUTE
    _printf_truncate_signed                  0x00000000   Number         0  stubs.o ABSOLUTE
    _printf_truncate_unsigned                0x00000000   Number         0  stubs.o ABSOLUTE
    _printf_u                                0x00000000   Number         0  stubs.o ABSOLUTE
    _printf_wc                               0x00000000   Number         0  stubs.o ABSOLUTE
    _printf_wctomb                           0x00000000   Number         0  stubs.o ABSOLUTE
    _printf_widthprec                        0x00000000   Number         0  stubs.o ABSOLUTE
    _printf_x                                0x00000000   Number         0  stubs.o ABSOLUTE
    __cpp_initialize__aeabi_                  - Undefined Weak Reference
    __cxa_finalize                            - Undefined Weak Reference
    __decompress                              - Undefined Weak Reference
    _clock_init                               - Undefined Weak Reference
    _microlib_exit                            - Undefined Weak Reference
    __Vectors_Size                           0x000000c0   Number         0  startup_stm32f030x8.o ABSOLUTE
    __Vectors                                0x08000000   Data           4  startup_stm32f030x8.o(RESET)
    __Vectors_End                            0x080000c0   Data           0  startup_stm32f030x8.o(RESET)
    __main                                   0x080000c1   Thumb Code     0  entry.o(.ARM.Collect$$$$00000000)
    _main_stk                                0x080000c1   Thumb Code     0  entry2.o(.ARM.Collect$$$$00000001)
    _main_scatterload                        0x080000c5   Thumb Code     0  entry5.o(.ARM.Collect$$$$00000004)
    __main_after_scatterload                 0x080000c9   Thumb Code     0  entry5.o(.ARM.Collect$$$$00000004)
    _main_clock                              0x080000c9   Thumb Code     0  entry7b.o(.ARM.Collect$$$$00000008)
    _main_cpp_init                           0x080000c9   Thumb Code     0  entry8b.o(.ARM.Collect$$$$0000000A)
    _main_init                               0x080000c9   Thumb Code     0  entry9a.o(.ARM.Collect$$$$0000000B)
    __rt_final_cpp                           0x080000d1   Thumb Code     0  entry10a.o(.ARM.Collect$$$$0000000D)
    __rt_final_exit                          0x080000d1   Thumb Code     0  entry11a.o(.ARM.Collect$$$$0000000F)
    k1_hs0038_read                           0x08000143   Thumb Code   152  main.o(.text)
    ir_key_switch_mode                       0x080001db   Thumb Code    48  main.o(.text)
    set_mute                                 0x0800020b   Thumb Code   124  main.o(.text)
    set_volume                               0x08000287   Thumb Code    62  main.o(.text)
    Set_PCM1863                              0x080002c5   Thumb Code    96  main.o(.text)
    mode_switch                              0x08000325   Thumb Code   712  main.o(.text)
    main                                     0x080005ed   Thumb Code   490  main.o(.text)
    delay_ms                                 0x08000839   Thumb Code    58  delay.o(.text)
    Delay_Init                               0x08000873   Thumb Code    54  delay.o(.text)
    delay_us                                 0x080008a9   Thumb Code    54  delay.o(.text)
    delay_us2                                0x080008df   Thumb Code    28  delay.o(.text)
    I2C_Configuration                        0x08000909   Thumb Code   120  i2c1.o(.text)
    I2C1_Read_Byte                           0x08000981   Thumb Code   278  i2c1.o(.text)
    I2C1_Write_Byte                          0x08000a97   Thumb Code   306  i2c1.o(.text)
    i2c_write                                0x08000bc9   Thumb Code    22  i2c1.o(.text)
    i2c_write_r                              0x08000bdf   Thumb Code    22  i2c1.o(.text)
    transmit_registers                       0x08000bf5   Thumb Code    96  i2c1.o(.text)
    transmit_registers_R                     0x08000c55   Thumb Code    96  i2c1.o(.text)
    set_pcm5242_volume                       0x08000cb5   Thumb Code   196  i2c1.o(.text)
    IO_Init                                  0x08000d79   Thumb Code   168  key.o(.text)
    IO_EXTI_Init                             0x08000e21   Thumb Code   194  key.o(.text)
    EXTI2_3_IRQHandler                       0x08000ee3   Thumb Code   252  key.o(.text)
    EXTI4_15_IRQHandler                      0x08000fdf   Thumb Code   644  key.o(.text)
    power_on                                 0x08001291   Thumb Code    14  speak.o(.text)
    power_off                                0x0800129f   Thumb Code    14  speak.o(.text)
    set_speak_volumeup                       0x080012ad   Thumb Code     2  speak.o(.text)
    set_speak_volumedown                     0x080012af   Thumb Code     2  speak.o(.text)
    set_speak_mute                           0x080012b1   Thumb Code    14  speak.o(.text)
    set_speak_on                             0x080012bf   Thumb Code    14  speak.o(.text)
    led_on                                   0x080012cd   Thumb Code    16  speak.o(.text)
    PGA2311_Volume                           0x080012e1   Thumb Code   108  pga2311.o(.text)
    USART1_Init                              0x08001351   Thumb Code   136  usart1.o(.text)
    USART1_IRQHandler                        0x080013d9   Thumb Code    46  usart1.o(.text)
    fputc                                    0x08001407   Thumb Code    32  usart1.o(.text)
    Reset_Handler                            0x08001435   Thumb Code     8  startup_stm32f030x8.o(.text)
    NMI_Handler                              0x0800143d   Thumb Code     2  startup_stm32f030x8.o(.text)
    HardFault_Handler                        0x0800143f   Thumb Code     2  startup_stm32f030x8.o(.text)
    SVC_Handler                              0x08001441   Thumb Code     2  startup_stm32f030x8.o(.text)
    PendSV_Handler                           0x08001443   Thumb Code     2  startup_stm32f030x8.o(.text)
    SysTick_Handler                          0x08001445   Thumb Code     2  startup_stm32f030x8.o(.text)
    ADC1_COMP_IRQHandler                     0x08001447   Thumb Code     0  startup_stm32f030x8.o(.text)
    CEC_IRQHandler                           0x08001447   Thumb Code     0  startup_stm32f030x8.o(.text)
    DMA1_Channel1_IRQHandler                 0x08001447   Thumb Code     0  startup_stm32f030x8.o(.text)
    DMA1_Channel2_3_IRQHandler               0x08001447   Thumb Code     0  startup_stm32f030x8.o(.text)
    DMA1_Channel4_5_IRQHandler               0x08001447   Thumb Code     0  startup_stm32f030x8.o(.text)
    EXTI0_1_IRQHandler                       0x08001447   Thumb Code     0  startup_stm32f030x8.o(.text)
    FLASH_IRQHandler                         0x08001447   Thumb Code     0  startup_stm32f030x8.o(.text)
    I2C1_IRQHandler                          0x08001447   Thumb Code     0  startup_stm32f030x8.o(.text)
    I2C2_IRQHandler                          0x08001447   Thumb Code     0  startup_stm32f030x8.o(.text)
    PVD_IRQHandler                           0x08001447   Thumb Code     0  startup_stm32f030x8.o(.text)
    RCC_IRQHandler                           0x08001447   Thumb Code     0  startup_stm32f030x8.o(.text)
    RTC_IRQHandler                           0x08001447   Thumb Code     0  startup_stm32f030x8.o(.text)
    SPI1_IRQHandler                          0x08001447   Thumb Code     0  startup_stm32f030x8.o(.text)
    SPI2_IRQHandler                          0x08001447   Thumb Code     0  startup_stm32f030x8.o(.text)
    TIM14_IRQHandler                         0x08001447   Thumb Code     0  startup_stm32f030x8.o(.text)
    TIM15_IRQHandler                         0x08001447   Thumb Code     0  startup_stm32f030x8.o(.text)
    TIM16_IRQHandler                         0x08001447   Thumb Code     0  startup_stm32f030x8.o(.text)
    TIM17_IRQHandler                         0x08001447   Thumb Code     0  startup_stm32f030x8.o(.text)
    TIM1_BRK_UP_TRG_COM_IRQHandler           0x08001447   Thumb Code     0  startup_stm32f030x8.o(.text)
    TIM1_CC_IRQHandler                       0x08001447   Thumb Code     0  startup_stm32f030x8.o(.text)
    TIM2_IRQHandler                          0x08001447   Thumb Code     0  startup_stm32f030x8.o(.text)
    TIM3_IRQHandler                          0x08001447   Thumb Code     0  startup_stm32f030x8.o(.text)
    TIM6_DAC_IRQHandler                      0x08001447   Thumb Code     0  startup_stm32f030x8.o(.text)
    TS_IRQHandler                            0x08001447   Thumb Code     0  startup_stm32f030x8.o(.text)
    USART2_IRQHandler                        0x08001447   Thumb Code     0  startup_stm32f030x8.o(.text)
    WWDG_IRQHandler                          0x08001447   Thumb Code     0  startup_stm32f030x8.o(.text)
    SystemInit                               0x08001531   Thumb Code   110  system_stm32f0xx.o(.text)
    SystemCoreClockUpdate                    0x0800159f   Thumb Code   154  system_stm32f0xx.o(.text)
    EXTI_DeInit                              0x08001659   Thumb Code    20  stm32f0xx_exti.o(.text)
    EXTI_Init                                0x0800166d   Thumb Code   132  stm32f0xx_exti.o(.text)
    EXTI_StructInit                          0x080016f1   Thumb Code    16  stm32f0xx_exti.o(.text)
    EXTI_GenerateSWInterrupt                 0x08001701   Thumb Code    12  stm32f0xx_exti.o(.text)
    EXTI_GetFlagStatus                       0x0800170d   Thumb Code    22  stm32f0xx_exti.o(.text)
    EXTI_ClearFlag                           0x08001723   Thumb Code     6  stm32f0xx_exti.o(.text)
    EXTI_GetITStatus                         0x08001729   Thumb Code    22  stm32f0xx_exti.o(.text)
    EXTI_ClearITPendingBit                   0x0800173f   Thumb Code     6  stm32f0xx_exti.o(.text)
    FLASH_SetLatency                         0x08001751   Thumb Code    24  stm32f0xx_flash.o(.text)
    FLASH_PrefetchBufferCmd                  0x08001769   Thumb Code    32  stm32f0xx_flash.o(.text)
    FLASH_GetPrefetchBufferStatus            0x08001789   Thumb Code    22  stm32f0xx_flash.o(.text)
    FLASH_Unlock                             0x0800179f   Thumb Code    24  stm32f0xx_flash.o(.text)
    FLASH_Lock                               0x080017b7   Thumb Code    14  stm32f0xx_flash.o(.text)
    FLASH_GetStatus                          0x080017c5   Thumb Code    54  stm32f0xx_flash.o(.text)
    FLASH_WaitForLastOperation               0x080017fb   Thumb Code    40  stm32f0xx_flash.o(.text)
    FLASH_ErasePage                          0x08001823   Thumb Code    72  stm32f0xx_flash.o(.text)
    FLASH_EraseAllPages                      0x0800186b   Thumb Code    68  stm32f0xx_flash.o(.text)
    FLASH_ProgramWord                        0x080018af   Thumb Code   104  stm32f0xx_flash.o(.text)
    FLASH_ProgramHalfWord                    0x08001917   Thumb Code    62  stm32f0xx_flash.o(.text)
    FLASH_ReadHalfWord                       0x08001955   Thumb Code     6  stm32f0xx_flash.o(.text)
    FLASH_OB_Unlock                          0x0800195b   Thumb Code    26  stm32f0xx_flash.o(.text)
    FLASH_OB_Lock                            0x08001975   Thumb Code    16  stm32f0xx_flash.o(.text)
    FLASH_OB_Launch                          0x08001985   Thumb Code    16  stm32f0xx_flash.o(.text)
    FLASH_OB_GetRDP                          0x08001995   Thumb Code    22  stm32f0xx_flash.o(.text)
    FLASH_OB_Erase                           0x080019ab   Thumb Code   144  stm32f0xx_flash.o(.text)
    FLASH_OB_EnableWRP                       0x08001a3b   Thumb Code   108  stm32f0xx_flash.o(.text)
    FLASH_OB_RDPConfig                       0x08001aa7   Thumb Code   134  stm32f0xx_flash.o(.text)
    FLASH_OB_UserConfig                      0x08001b2d   Thumb Code   102  stm32f0xx_flash.o(.text)
    FLASH_OB_BOOTConfig                      0x08001b93   Thumb Code    70  stm32f0xx_flash.o(.text)
    FLASH_OB_VDDAConfig                      0x08001bd9   Thumb Code    70  stm32f0xx_flash.o(.text)
    FLASH_OB_SRAMParityConfig                0x08001c1f   Thumb Code    70  stm32f0xx_flash.o(.text)
    FLASH_OB_WriteUser                       0x08001c65   Thumb Code    70  stm32f0xx_flash.o(.text)
    FLASH_ProgramOptionByteData              0x08001cab   Thumb Code    66  stm32f0xx_flash.o(.text)
    FLASH_ReadOptionByteData                 0x08001ced   Thumb Code    66  stm32f0xx_flash.o(.text)
    FLASH_OB_GetUser                         0x08001d2f   Thumb Code    10  stm32f0xx_flash.o(.text)
    FLASH_OB_GetWRP                          0x08001d39   Thumb Code     6  stm32f0xx_flash.o(.text)
    FLASH_ITConfig                           0x08001d3f   Thumb Code    28  stm32f0xx_flash.o(.text)
    FLASH_GetFlagStatus                      0x08001d5b   Thumb Code    22  stm32f0xx_flash.o(.text)
    FLASH_ClearFlag                          0x08001d71   Thumb Code     6  stm32f0xx_flash.o(.text)
    GPIO_DeInit                              0x08001d81   Thumb Code   132  stm32f0xx_gpio.o(.text)
    GPIO_Init                                0x08001e05   Thumb Code   144  stm32f0xx_gpio.o(.text)
    GPIO_StructInit                          0x08001e95   Thumb Code    20  stm32f0xx_gpio.o(.text)
    GPIO_PinLockConfig                       0x08001ea9   Thumb Code    34  stm32f0xx_gpio.o(.text)
    GPIO_ReadInputDataBit                    0x08001ecb   Thumb Code    20  stm32f0xx_gpio.o(.text)
    GPIO_ReadInputData                       0x08001edf   Thumb Code     6  stm32f0xx_gpio.o(.text)
    GPIO_ReadOutputDataBit                   0x08001ee5   Thumb Code    20  stm32f0xx_gpio.o(.text)
    GPIO_ReadOutputData                      0x08001ef9   Thumb Code     6  stm32f0xx_gpio.o(.text)
    GPIO_SetBits                             0x08001eff   Thumb Code     4  stm32f0xx_gpio.o(.text)
    GPIO_ResetBits                           0x08001f03   Thumb Code     4  stm32f0xx_gpio.o(.text)
    GPIO_WriteBit                            0x08001f07   Thumb Code    12  stm32f0xx_gpio.o(.text)
    GPIO_Write                               0x08001f13   Thumb Code     4  stm32f0xx_gpio.o(.text)
    GPIO_PinAFConfig                         0x08001f17   Thumb Code    68  stm32f0xx_gpio.o(.text)
    I2C_DeInit                               0x08001f71   Thumb Code    50  stm32f0xx_i2c.o(.text)
    I2C_Init                                 0x08001fa3   Thumb Code    98  stm32f0xx_i2c.o(.text)
    I2C_StructInit                           0x08002005   Thumb Code    24  stm32f0xx_i2c.o(.text)
    I2C_Cmd                                  0x0800201d   Thumb Code    24  stm32f0xx_i2c.o(.text)
    I2C_SoftwareResetCmd                     0x08002035   Thumb Code    28  stm32f0xx_i2c.o(.text)
    I2C_ITConfig                             0x08002051   Thumb Code    20  stm32f0xx_i2c.o(.text)
    I2C_StretchClockCmd                      0x08002065   Thumb Code    28  stm32f0xx_i2c.o(.text)
    I2C_StopModeCmd                          0x08002081   Thumb Code    28  stm32f0xx_i2c.o(.text)
    I2C_DualAddressCmd                       0x0800209d   Thumb Code    28  stm32f0xx_i2c.o(.text)
    I2C_OwnAddress2Config                    0x080020b9   Thumb Code    32  stm32f0xx_i2c.o(.text)
    I2C_GeneralCallCmd                       0x080020d9   Thumb Code    28  stm32f0xx_i2c.o(.text)
    I2C_SlaveByteControlCmd                  0x080020f5   Thumb Code    28  stm32f0xx_i2c.o(.text)
    I2C_SlaveAddressConfig                   0x08002111   Thumb Code    20  stm32f0xx_i2c.o(.text)
    I2C_10BitAddressingModeCmd               0x08002125   Thumb Code    28  stm32f0xx_i2c.o(.text)
    I2C_AutoEndCmd                           0x08002141   Thumb Code    28  stm32f0xx_i2c.o(.text)
    I2C_ReloadCmd                            0x0800215d   Thumb Code    28  stm32f0xx_i2c.o(.text)
    I2C_NumberOfBytesConfig                  0x08002179   Thumb Code    28  stm32f0xx_i2c.o(.text)
    I2C_MasterRequestConfig                  0x08002195   Thumb Code    28  stm32f0xx_i2c.o(.text)
    I2C_GenerateSTART                        0x080021b1   Thumb Code    28  stm32f0xx_i2c.o(.text)
    I2C_GenerateSTOP                         0x080021cd   Thumb Code    28  stm32f0xx_i2c.o(.text)
    I2C_10BitAddressHeaderCmd                0x080021e9   Thumb Code    28  stm32f0xx_i2c.o(.text)
    I2C_AcknowledgeConfig                    0x08002205   Thumb Code    28  stm32f0xx_i2c.o(.text)
    I2C_GetAddressMatched                    0x08002221   Thumb Code    14  stm32f0xx_i2c.o(.text)
    I2C_GetTransferDirection                 0x0800222f   Thumb Code    30  stm32f0xx_i2c.o(.text)
    I2C_TransferHandling                     0x0800224d   Thumb Code    38  stm32f0xx_i2c.o(.text)
    I2C_SMBusAlertCmd                        0x08002273   Thumb Code    28  stm32f0xx_i2c.o(.text)
    I2C_ClockTimeoutCmd                      0x0800228f   Thumb Code    28  stm32f0xx_i2c.o(.text)
    I2C_ExtendedClockTimeoutCmd              0x080022ab   Thumb Code    26  stm32f0xx_i2c.o(.text)
    I2C_IdleClockTimeoutCmd                  0x080022c5   Thumb Code    28  stm32f0xx_i2c.o(.text)
    I2C_TimeoutAConfig                       0x080022e1   Thumb Code    20  stm32f0xx_i2c.o(.text)
    I2C_TimeoutBConfig                       0x080022f5   Thumb Code    26  stm32f0xx_i2c.o(.text)
    I2C_CalculatePEC                         0x0800230f   Thumb Code    28  stm32f0xx_i2c.o(.text)
    I2C_PECRequestCmd                        0x0800232b   Thumb Code    28  stm32f0xx_i2c.o(.text)
    I2C_GetPEC                               0x08002347   Thumb Code     8  stm32f0xx_i2c.o(.text)
    I2C_ReadRegister                         0x0800234f   Thumb Code    46  stm32f0xx_i2c.o(.text)
    I2C_SendData                             0x0800237d   Thumb Code     4  stm32f0xx_i2c.o(.text)
    I2C_ReceiveData                          0x08002381   Thumb Code     8  stm32f0xx_i2c.o(.text)
    I2C_DMACmd                               0x08002389   Thumb Code    20  stm32f0xx_i2c.o(.text)
    I2C_GetFlagStatus                        0x0800239d   Thumb Code    28  stm32f0xx_i2c.o(.text)
    I2C_ClearFlag                            0x080023b9   Thumb Code     4  stm32f0xx_i2c.o(.text)
    I2C_GetITStatus                          0x080023bd   Thumb Code    28  stm32f0xx_i2c.o(.text)
    I2C_ClearITPendingBit                    0x080023d9   Thumb Code     4  stm32f0xx_i2c.o(.text)
    NVIC_Init                                0x080023dd   Thumb Code   106  stm32f0xx_misc.o(.text)
    NVIC_SystemLPConfig                      0x08002447   Thumb Code    28  stm32f0xx_misc.o(.text)
    SysTick_CLKSourceConfig                  0x08002463   Thumb Code    32  stm32f0xx_misc.o(.text)
    RCC_DeInit                               0x08002491   Thumb Code   104  stm32f0xx_rcc.o(.text)
    RCC_HSEConfig                            0x080024f9   Thumb Code    12  stm32f0xx_rcc.o(.text)
    RCC_GetFlagStatus                        0x08002505   Thumb Code    68  stm32f0xx_rcc.o(.text)
    RCC_WaitForHSEStartUp                    0x08002549   Thumb Code    60  stm32f0xx_rcc.o(.text)
    RCC_AdjustHSICalibrationValue            0x08002585   Thumb Code    26  stm32f0xx_rcc.o(.text)
    RCC_HSICmd                               0x0800259f   Thumb Code    32  stm32f0xx_rcc.o(.text)
    RCC_AdjustHSI14CalibrationValue          0x080025bf   Thumb Code    26  stm32f0xx_rcc.o(.text)
    RCC_HSI14Cmd                             0x080025d9   Thumb Code    32  stm32f0xx_rcc.o(.text)
    RCC_HSI14ADCRequestCmd                   0x080025f9   Thumb Code    32  stm32f0xx_rcc.o(.text)
    RCC_LSEConfig                            0x08002619   Thumb Code    34  stm32f0xx_rcc.o(.text)
    RCC_LSEDriveConfig                       0x0800263b   Thumb Code    22  stm32f0xx_rcc.o(.text)
    RCC_LSICmd                               0x08002651   Thumb Code    32  stm32f0xx_rcc.o(.text)
    RCC_PLLConfig                            0x08002671   Thumb Code    30  stm32f0xx_rcc.o(.text)
    RCC_PLLCmd                               0x0800268f   Thumb Code    36  stm32f0xx_rcc.o(.text)
    RCC_PREDIV1Config                        0x080026b3   Thumb Code    24  stm32f0xx_rcc.o(.text)
    RCC_ClockSecuritySystemCmd               0x080026cb   Thumb Code    36  stm32f0xx_rcc.o(.text)
    RCC_MCOConfig                            0x080026ef   Thumb Code     6  stm32f0xx_rcc.o(.text)
    RCC_SYSCLKConfig                         0x080026f5   Thumb Code    24  stm32f0xx_rcc.o(.text)
    RCC_GetSYSCLKSource                      0x0800270d   Thumb Code    10  stm32f0xx_rcc.o(.text)
    RCC_HCLKConfig                           0x08002717   Thumb Code    28  stm32f0xx_rcc.o(.text)
    RCC_PCLKConfig                           0x08002733   Thumb Code    30  stm32f0xx_rcc.o(.text)
    RCC_ADCCLKConfig                         0x08002751   Thumb Code    52  stm32f0xx_rcc.o(.text)
    RCC_CECCLKConfig                         0x08002785   Thumb Code    22  stm32f0xx_rcc.o(.text)
    RCC_I2CCLKConfig                         0x0800279b   Thumb Code    22  stm32f0xx_rcc.o(.text)
    RCC_USARTCLKConfig                       0x080027b1   Thumb Code    22  stm32f0xx_rcc.o(.text)
    RCC_GetClocksFreq                        0x080027c7   Thumb Code   368  stm32f0xx_rcc.o(.text)
    RCC_RTCCLKConfig                         0x08002937   Thumb Code    12  stm32f0xx_rcc.o(.text)
    RCC_RTCCLKCmd                            0x08002943   Thumb Code    36  stm32f0xx_rcc.o(.text)
    RCC_BackupResetCmd                       0x08002967   Thumb Code    36  stm32f0xx_rcc.o(.text)
    RCC_AHBPeriphClockCmd                    0x0800298b   Thumb Code    28  stm32f0xx_rcc.o(.text)
    RCC_APB2PeriphClockCmd                   0x080029a7   Thumb Code    28  stm32f0xx_rcc.o(.text)
    RCC_APB1PeriphClockCmd                   0x080029c3   Thumb Code    28  stm32f0xx_rcc.o(.text)
    RCC_AHBPeriphResetCmd                    0x080029df   Thumb Code    28  stm32f0xx_rcc.o(.text)
    RCC_APB2PeriphResetCmd                   0x080029fb   Thumb Code    28  stm32f0xx_rcc.o(.text)
    RCC_APB1PeriphResetCmd                   0x08002a17   Thumb Code    28  stm32f0xx_rcc.o(.text)
    RCC_ITConfig                             0x08002a33   Thumb Code    28  stm32f0xx_rcc.o(.text)
    RCC_ClearFlag                            0x08002a4f   Thumb Code    16  stm32f0xx_rcc.o(.text)
    RCC_GetITStatus                          0x08002a5f   Thumb Code    22  stm32f0xx_rcc.o(.text)
    RCC_ClearITPendingBit                    0x08002a75   Thumb Code     6  stm32f0xx_rcc.o(.text)
    SYSCFG_DeInit                            0x08002a89   Thumb Code    40  stm32f0xx_syscfg.o(.text)
    SYSCFG_MemoryRemapConfig                 0x08002ab1   Thumb Code    24  stm32f0xx_syscfg.o(.text)
    SYSCFG_DMAChannelRemapConfig             0x08002ac9   Thumb Code    28  stm32f0xx_syscfg.o(.text)
    SYSCFG_I2CFastModePlusConfig             0x08002ae5   Thumb Code    28  stm32f0xx_syscfg.o(.text)
    SYSCFG_EXTILineConfig                    0x08002b01   Thumb Code    66  stm32f0xx_syscfg.o(.text)
    SYSCFG_BreakConfig                       0x08002b43   Thumb Code    12  stm32f0xx_syscfg.o(.text)
    SYSCFG_GetFlagStatus                     0x08002b4f   Thumb Code    26  stm32f0xx_syscfg.o(.text)
    SYSCFG_ClearFlag                         0x08002b69   Thumb Code    12  stm32f0xx_syscfg.o(.text)
    USART_DeInit                             0x08002b79   Thumb Code    56  stm32f0xx_usart.o(.text)
    USART_Init                               0x08002bb1   Thumb Code   234  stm32f0xx_usart.o(.text)
    USART_StructInit                         0x08002c9b   Thumb Code    24  stm32f0xx_usart.o(.text)
    USART_ClockInit                          0x08002cb3   Thumb Code    36  stm32f0xx_usart.o(.text)
    USART_ClockStructInit                    0x08002cd7   Thumb Code    12  stm32f0xx_usart.o(.text)
    USART_Cmd                                0x08002ce3   Thumb Code    24  stm32f0xx_usart.o(.text)
    USART_DirectionModeCmd                   0x08002cfb   Thumb Code    20  stm32f0xx_usart.o(.text)
    USART_OverSampling8Cmd                   0x08002d0f   Thumb Code    28  stm32f0xx_usart.o(.text)
    USART_OneBitMethodCmd                    0x08002d2b   Thumb Code    28  stm32f0xx_usart.o(.text)
    USART_MSBFirstCmd                        0x08002d47   Thumb Code    28  stm32f0xx_usart.o(.text)
    USART_DataInvCmd                         0x08002d63   Thumb Code    28  stm32f0xx_usart.o(.text)
    USART_InvPinCmd                          0x08002d7f   Thumb Code    20  stm32f0xx_usart.o(.text)
    USART_SWAPPinCmd                         0x08002d93   Thumb Code    28  stm32f0xx_usart.o(.text)
    USART_ReceiverTimeOutCmd                 0x08002daf   Thumb Code    28  stm32f0xx_usart.o(.text)
    USART_SetReceiverTimeOut                 0x08002dcb   Thumb Code    16  stm32f0xx_usart.o(.text)
    USART_SetPrescaler                       0x08002ddb   Thumb Code    18  stm32f0xx_usart.o(.text)
    USART_STOPModeCmd                        0x08002ded   Thumb Code    24  stm32f0xx_usart.o(.text)
    USART_StopModeWakeUpSourceConfig         0x08002e05   Thumb Code    18  stm32f0xx_usart.o(.text)
    USART_AutoBaudRateCmd                    0x08002e17   Thumb Code    28  stm32f0xx_usart.o(.text)
    USART_AutoBaudRateConfig                 0x08002e33   Thumb Code    18  stm32f0xx_usart.o(.text)
    USART_AutoBaudRateNewRequest             0x08002e45   Thumb Code    12  stm32f0xx_usart.o(.text)
    USART_SendData                           0x08002e51   Thumb Code     8  stm32f0xx_usart.o(.text)
    USART_ReceiveData                        0x08002e59   Thumb Code    10  stm32f0xx_usart.o(.text)
    USART_SetAddress                         0x08002e63   Thumb Code    18  stm32f0xx_usart.o(.text)
    USART_MuteModeCmd                        0x08002e75   Thumb Code    28  stm32f0xx_usart.o(.text)
    USART_MuteModeWakeUpConfig               0x08002e91   Thumb Code    18  stm32f0xx_usart.o(.text)
    USART_AddressDetectionConfig             0x08002ea3   Thumb Code    16  stm32f0xx_usart.o(.text)
    USART_LINBreakDetectLengthConfig         0x08002eb3   Thumb Code    16  stm32f0xx_usart.o(.text)
    USART_LINCmd                             0x08002ec3   Thumb Code    28  stm32f0xx_usart.o(.text)
    USART_HalfDuplexCmd                      0x08002edf   Thumb Code    24  stm32f0xx_usart.o(.text)
    USART_SetGuardTime                       0x08002ef7   Thumb Code    16  stm32f0xx_usart.o(.text)
    USART_SmartCardCmd                       0x08002f07   Thumb Code    24  stm32f0xx_usart.o(.text)
    USART_SmartCardNACKCmd                   0x08002f1f   Thumb Code    24  stm32f0xx_usart.o(.text)
    USART_SetAutoRetryCount                  0x08002f37   Thumb Code    20  stm32f0xx_usart.o(.text)
    USART_SetBlockLength                     0x08002f4b   Thumb Code    30  stm32f0xx_usart.o(.text)
    USART_IrDAConfig                         0x08002f69   Thumb Code    16  stm32f0xx_usart.o(.text)
    USART_IrDACmd                            0x08002f79   Thumb Code    24  stm32f0xx_usart.o(.text)
    USART_DECmd                              0x08002f91   Thumb Code    28  stm32f0xx_usart.o(.text)
    USART_DEPolarityConfig                   0x08002fad   Thumb Code    18  stm32f0xx_usart.o(.text)
    USART_SetDEAssertionTime                 0x08002fbf   Thumb Code    20  stm32f0xx_usart.o(.text)
    USART_SetDEDeassertionTime               0x08002fd3   Thumb Code    20  stm32f0xx_usart.o(.text)
    USART_DMACmd                             0x08002fe7   Thumb Code    20  stm32f0xx_usart.o(.text)
    USART_DMAReceptionErrorConfig            0x08002ffb   Thumb Code    18  stm32f0xx_usart.o(.text)
    USART_ITConfig                           0x0800300d   Thumb Code    66  stm32f0xx_usart.o(.text)
    USART_RequestCmd                         0x0800304f   Thumb Code    20  stm32f0xx_usart.o(.text)
    USART_OverrunDetectionConfig             0x08003063   Thumb Code    18  stm32f0xx_usart.o(.text)
    USART_GetFlagStatus                      0x08003075   Thumb Code    20  stm32f0xx_usart.o(.text)
    USART_ClearFlag                          0x08003089   Thumb Code     4  stm32f0xx_usart.o(.text)
    USART_GetITStatus                        0x0800308d   Thumb Code    78  stm32f0xx_usart.o(.text)
    USART_ClearITPendingBit                  0x080030db   Thumb Code    18  stm32f0xx_usart.o(.text)
    __aeabi_uidiv                            0x080030ed   Thumb Code     0  uidiv.o(.text)
    __aeabi_uidivmod                         0x080030ed   Thumb Code    44  uidiv.o(.text)
    __aeabi_uldivmod                         0x08003119   Thumb Code    96  uldiv.o(.text)
    __scatterload                            0x08003179   Thumb Code    28  init.o(.text)
    __scatterload_rt2                        0x08003179   Thumb Code     0  init.o(.text)
    __aeabi_llsl                             0x0800319d   Thumb Code    32  llshl.o(.text)
    _ll_shift_l                              0x0800319d   Thumb Code     0  llshl.o(.text)
    __aeabi_llsr                             0x080031bd   Thumb Code    34  llushr.o(.text)
    _ll_ushift_r                             0x080031bd   Thumb Code     0  llushr.o(.text)
    __0printf$5                              0x080031e1   Thumb Code    24  printf5.o(i.__0printf$5)
    __1printf$5                              0x080031e1   Thumb Code     0  printf5.o(i.__0printf$5)
    __2printf                                0x080031e1   Thumb Code     0  printf5.o(i.__0printf$5)
    __ARM_common_switch8                     0x08003201   Thumb Code    28  main.o(i.__ARM_common_switch8)
    __scatterload_copy                       0x0800321d   Thumb Code    14  handlers.o(i.__scatterload_copy)
    __scatterload_null                       0x0800322b   Thumb Code     2  handlers.o(i.__scatterload_null)
    __scatterload_zeroinit                   0x0800322d   Thumb Code    14  handlers.o(i.__scatterload_zeroinit)
    registers                                0x08003518   Data        8814  main.o(.constdata)
    registers_pcm5242                        0x08005786   Data        8814  main.o(.constdata)
    registers_pcm5242_R                      0x080079f4   Data        8814  main.o(.constdata)
    EQ_registers                             0x08009c62   Data        8814  main.o(.constdata)
    Region$$Table$$Base                      0x0800bf24   Number         0  anon$$obj.o(Region$$Table)
    Region$$Table$$Limit                     0x0800bf44   Number         0  anon$$obj.o(Region$$Table)
    uart_vol_count                           0x20000000   Data           4  main.o(.data)
    EQ_count                                 0x20000004   Data           4  main.o(.data)
    Normal_count                             0x20000008   Data           4  main.o(.data)
    g_mode                                   0x2000000c   Data           4  main.o(.data)
    g_ir_key                                 0x20000010   Data           4  main.o(.data)
    g_mute_flag                              0x20000014   Data           4  main.o(.data)
    fac_ms                                   0x20000032   Data           2  delay.o(.data)
    fac_us                                   0x20000034   Data           1  delay.o(.data)
    I2C_Timeout                              0x20000038   Data           4  i2c1.o(.data)
    drive_Addr                               0x2000003c   Data           1  i2c1.o(.data)
    drive_Addr_r                             0x2000003d   Data           1  i2c1.o(.data)
    vol_count                                0x20000040   Data           4  key.o(.data)
    vol_count_left                           0x20000044   Data           4  key.o(.data)
    vol_count_right                          0x20000048   Data           4  key.o(.data)
    last_a                                   0x2000004c   Data           1  key.o(.data)
    last_b                                   0x2000004d   Data           1  key.o(.data)
    db                                       0x20000050   Data           4  key.o(.data)
    SystemCoreClock                          0x20000054   Data           4  system_stm32f0xx.o(.data)
    AHBPrescTable                            0x20000058   Data          16  system_stm32f0xx.o(.data)
    __stdout                                 0x20000078   Data           4  stdout.o(.data)
    __initial_sp                             0x20000480   Data           0  startup_stm32f030x8.o(STACK)



==============================================================================

Memory Map of the image

  Image Entry point : 0x080000c1

  Load Region LR_IROM1 (Base: 0x08000000, Size: 0x0000bfc0, Max: 0x00010000, ABSOLUTE)

    Execution Region ER_IROM1 (Base: 0x08000000, Size: 0x0000bf44, Max: 0x00010000, ABSOLUTE)

    Base Addr    Size         Type   Attr      Idx    E Section Name        Object

    0x08000000   0x000000c0   Data   RO          350    RESET               startup_stm32f030x8.o
    0x080000c0   0x00000000   Code   RO          623  * .ARM.Collect$$$$00000000  mc_p.l(entry.o)
    0x080000c0   0x00000004   Code   RO          889    .ARM.Collect$$$$00000001  mc_p.l(entry2.o)
    0x080000c4   0x00000004   Code   RO          892    .ARM.Collect$$$$00000004  mc_p.l(entry5.o)
    0x080000c8   0x00000000   Code   RO          894    .ARM.Collect$$$$00000008  mc_p.l(entry7b.o)
    0x080000c8   0x00000000   Code   RO          896    .ARM.Collect$$$$0000000A  mc_p.l(entry8b.o)
    0x080000c8   0x00000008   Code   RO          897    .ARM.Collect$$$$0000000B  mc_p.l(entry9a.o)
    0x080000d0   0x00000000   Code   RO          899    .ARM.Collect$$$$0000000D  mc_p.l(entry10a.o)
    0x080000d0   0x00000000   Code   RO          901    .ARM.Collect$$$$0000000F  mc_p.l(entry11a.o)
    0x080000d0   0x00000004   Code   RO          890    .ARM.Collect$$$$00002712  mc_p.l(entry2.o)
    0x080000d4   0x00000764   Code   RO            3    .text               main.o
    0x08000838   0x000000d0   Code   RO          166    .text               delay.o
    0x08000908   0x00000470   Code   RO          192    .text               i2c1.o
    0x08000d78   0x00000518   Code   RO          216    .text               key.o
    0x08001290   0x00000050   Code   RO          240    .text               speak.o
    0x080012e0   0x00000070   Code   RO          263    .text               pga2311.o
    0x08001350   0x000000e4   Code   RO          303    .text               usart1.o
    0x08001434   0x0000001c   Code   RO          351    .text               startup_stm32f030x8.o
    0x08001450   0x00000208   Code   RO          357    .text               system_stm32f0xx.o
    0x08001658   0x000000f8   Code   RO          423    .text               stm32f0xx_exti.o
    0x08001750   0x00000630   Code   RO          443    .text               stm32f0xx_flash.o
    0x08001d80   0x000001f0   Code   RO          463    .text               stm32f0xx_gpio.o
    0x08001f70   0x0000046c   Code   RO          483    .text               stm32f0xx_i2c.o
    0x080023dc   0x000000b4   Code   RO          503    .text               stm32f0xx_misc.o
    0x08002490   0x000005f8   Code   RO          523    .text               stm32f0xx_rcc.o
    0x08002a88   0x000000f0   Code   RO          565    .text               stm32f0xx_syscfg.o
    0x08002b78   0x00000574   Code   RO          605    .text               stm32f0xx_usart.o
    0x080030ec   0x0000002c   Code   RO          626    .text               mc_p.l(uidiv.o)
    0x08003118   0x00000060   Code   RO          904    .text               mc_p.l(uldiv.o)
    0x08003178   0x00000024   Code   RO          917    .text               mc_p.l(init.o)
    0x0800319c   0x00000020   Code   RO          919    .text               mc_p.l(llshl.o)
    0x080031bc   0x00000022   Code   RO          921    .text               mc_p.l(llushr.o)
    0x080031de   0x00000002   PAD
    0x080031e0   0x00000020   Code   RO          761    i.__0printf$5       mc_p.l(printf5.o)
    0x08003200   0x0000001c   Code   RO           24    i.__ARM_common_switch8  main.o
    0x0800321c   0x0000000e   Code   RO          931    i.__scatterload_copy  mc_p.l(handlers.o)
    0x0800322a   0x00000002   Code   RO          932    i.__scatterload_null  mc_p.l(handlers.o)
    0x0800322c   0x0000000e   Code   RO          933    i.__scatterload_zeroinit  mc_p.l(handlers.o)
    0x0800323a   0x00000002   PAD
    0x0800323c   0x000002dc   Code   RO          768    i._printf_core      mc_p.l(printf5.o)
    0x08003518   0x000089c6   Data   RO            5    .constdata          main.o
    0x0800bede   0x00000002   PAD
    0x0800bee0   0x00000042   Data   RO          193    .conststring        i2c1.o
    0x0800bf22   0x00000002   PAD
    0x0800bf24   0x00000020   Data   RO          929    Region$$Table       anon$$obj.o


    Execution Region RW_IRAM1 (Base: 0x20000000, Size: 0x00000480, Max: 0x00002000, ABSOLUTE)

    Base Addr    Size         Type   Attr      Idx    E Section Name        Object

    0x20000000   0x00000032   Data   RW            6    .data               main.o
    0x20000032   0x00000003   Data   RW          167    .data               delay.o
    0x20000035   0x00000003   PAD
    0x20000038   0x00000006   Data   RW          194    .data               i2c1.o
    0x2000003e   0x00000002   PAD
    0x20000040   0x00000014   Data   RW          217    .data               key.o
    0x20000054   0x00000014   Data   RW          358    .data               system_stm32f0xx.o
    0x20000068   0x00000010   Data   RW          524    .data               stm32f0xx_rcc.o
    0x20000078   0x00000004   Data   RW          903    .data               mc_p.l(stdout.o)
    0x2000007c   0x00000004   PAD
    0x20000080   0x00000400   Zero   RW          348    STACK               startup_stm32f030x8.o


==============================================================================

Image component sizes


      Code (inc. data)   RO Data    RW Data    ZI Data      Debug   Object Name

       208         14          0          3          0       1133   delay.o
      1136         94         66          6          0       3514   i2c1.o
      1304         98          0         20          0       2366   key.o
      1920        170      35270         50          0     205795   main.o
       112          4          0          0          0        557   pga2311.o
        80          4          0          0          0       1172   speak.o
        28          8        192          0       1024        600   startup_stm32f030x8.o
       248         12          0          0          0       2083   stm32f0xx_exti.o
      1584         30          0          0          0       7476   stm32f0xx_flash.o
       496         22          0          0          0       3585   stm32f0xx_gpio.o
      1132         24          0          0          0       9722   stm32f0xx_i2c.o
       180         14          0          0          0       1208   stm32f0xx_misc.o
      1528         42          0         16          0       8390   stm32f0xx_rcc.o
       240          4          0          0          0       1958   stm32f0xx_syscfg.o
      1396         12          0          0          0      11963   stm32f0xx_usart.o
       520         32          0         20          0       1579   system_stm32f0xx.o
       228         14          0          0          0        974   usart1.o

    ----------------------------------------------------------------------
     12340        598      35564        120       1024     264075   Object Totals
         0          0         32          0          0          0   (incl. Generated)
         0          0          4          5          0          0   (incl. Padding)

    ----------------------------------------------------------------------

      Code (inc. data)   RO Data    RW Data    ZI Data      Debug   Library Member Name

         0          0          0          0          0          0   entry.o
         0          0          0          0          0          0   entry10a.o
         0          0          0          0          0          0   entry11a.o
         8          4          0          0          0          0   entry2.o
         4          0          0          0          0          0   entry5.o
         0          0          0          0          0          0   entry7b.o
         0          0          0          0          0          0   entry8b.o
         8          4          0          0          0          0   entry9a.o
        30          0          0          0          0          0   handlers.o
        36          8          0          0          0         68   init.o
        32          0          0          0          0         68   llshl.o
        34          0          0          0          0         68   llushr.o
       764         52          0          0          0        168   printf5.o
         0          0          0          4          0          0   stdout.o
        44          0          0          0          0         72   uidiv.o
        96          0          0          0          0         84   uldiv.o

    ----------------------------------------------------------------------
      1060         68          0          4          4        528   Library Totals
         4          0          0          0          4          0   (incl. Padding)

    ----------------------------------------------------------------------

      Code (inc. data)   RO Data    RW Data    ZI Data      Debug   Library Name

      1056         68          0          4          0        528   mc_p.l

    ----------------------------------------------------------------------
      1060         68          0          4          4        528   Library Totals

    ----------------------------------------------------------------------

==============================================================================


      Code (inc. data)   RO Data    RW Data    ZI Data      Debug   

     13400        666      35564        124       1028     263171   Grand Totals
     13400        666      35564        124       1028     263171   ELF Image Totals
     13400        666      35564        124          0          0   ROM Totals

==============================================================================

    Total RO  Size (Code + RO Data)                48964 (  47.82kB)
    Total RW  Size (RW Data + ZI Data)              1152 (   1.13kB)
    Total ROM Size (Code + RO Data + RW Data)      49088 (  47.94kB)

==============================================================================

