<html>
<body>
<pre>
<h1>µVision Build Log</h1>
<h2>Tool Versions:</h2>
IDE-Version: ¦ÌVision V5.20.0.0
Copyright (C) 2016 ARM Ltd and ARM Germany GmbH. All rights reserved.
License Information: xu Microsoft, Microsoft, LIC=WHYBS-LHJTH-GJ46P-MPXV8-ASN41-V2YPR
 
Tool Versions:
Toolchain:       MDK-ARM Plus  Version: 5.20
Toolchain Path:  d:\Keil_v5\ARM\ARMCC\Bin
C Compiler:      Armcc.exe V5.06 update 2 (build 183)
Assembler:       Armasm.exe V5.06 update 2 (build 183)
Linker/Locator:  ArmLink.exe V5.06 update 2 (build 183)
Library Manager: ArmAr.exe V5.06 update 2 (build 183)
Hex Converter:   FromElf.exe V5.06 update 2 (build 183)
CPU DLL:         SARMCM3.DLL V5.20
Dialog DLL:      DARMCM1.DLL V1.14.0.0
Target DLL:      STLink\ST-LINKIII-KEIL_SWO.dll V2.0.18.0
Dialog DLL:      TARMCM1.DLL V1.10.0.0
 
<h2>Project:</h2>
E:\4418\y4\06_software\Proj\Monitor_One.uvprojx
Project File Date:  02/10/2017

<h2>Output:</h2>
*** Using Compiler 'V5.06 update 2 (build 183)', folder: 'd:\Keil_v5\ARM\ARMCC\Bin'
Rebuild target 'Monitor_One'
compiling i2c1.c...
compiling delay.c...
compiling main.c...
..\User\main.c(426): warning:  #223-D: function "set_pcm5242_volume" declared implicitly
  		set_pcm5242_volume(volume_set[0][0],volume_set[0][1]);
..\User\main.c(344): warning:  #177-D: variable "mode" was declared but never referenced
  	int mode = 0;	// 0=aux in 1=balance in 2=bt 3=optical fiber 4=coaxial
..\User\main.c(345): warning:  #177-D: variable "tmp" was declared but never referenced
  	int tmp=0;
..\User\main.c: 3 warnings, 0 errors
compiling speak.c...
compiling KEY.c...
compiling PGA2311.c...
compiling USART2.c...
assembling startup_stm32f030x8.s...
compiling USART1.c...
compiling flash.c...
compiling system_stm32f0xx.c...
compiling stm32f0xx_dma.c...
compiling stm32f0xx_adc.c...
compiling stm32f0xx_exti.c...
compiling stm32f0xx_gpio.c...
compiling stm32f0xx_flash.c...
compiling stm32f0xx_i2c.c...
compiling stm32f0xx_rcc.c...
compiling stm32f0xx_misc.c...
compiling stm32f0xx_rtc.c...
compiling stm32f0xx_tim.c...
compiling stm32f0xx_syscfg.c...
compiling stm32f0xx_usart.c...
linking...
Program Size: Code=13400 RO-data=35564 RW-data=124 ZI-data=1028  
FromELF: creating hex file...
".\Monitor_One.axf" - 0 Error(s), 3 Warning(s).

<h2>Software Packages used:</h2>

Package Vendor: ARM
                http://www.keil.com/pack/ARM.CMSIS.4.5.0.pack
                ARM::CMSIS:CORE:4.3.0
                CMSIS (Cortex Microcontroller Software Interface Standard)
   * Component: CORE Version: 4.3.0

<h2>Collection of Component include folders:</h2>
  E:\4418\y4\06_software\Proj\RTE
  d:\Keil_v5\ARM\PACK\ARM\CMSIS\4.5.0\CMSIS\Include
  d:\Keil_v5\ARM\PACK\Keil\STM32F0xx_DFP\1.5.0\Device\Include

<h2>Collection of Component Files used:</h2>

   * Component: ARM::CMSIS:CORE:4.3.0
Build Time Elapsed:  00:00:12
</pre>
</body>
</html>
